[2026-07-12 23:53:10,068] [INFO] [real_accelerator.py:254:get_accelerator] Setting ds_accelerator to cuda (auto detect)
[2026-07-12 23:53:15,315] [INFO] [logging.py:107:log_dist] [Rank -1] [TorchCheckpointEngine] Initialized with serialization = False
{'loss': 0.3375, 'grad_norm': 4.199042320251465, 'learning_rate': 1.2262498011500049e-05, 'epoch': 1.0}
{'eval_loss': 0.1391020268201828, 'eval_recall_0': 0.6274509803921569, 'eval_runtime': 3.8071, 'eval_samples_per_second': 117.411, 'eval_steps_per_second': 7.355, 'epoch': 1.0}
{'loss': 0.1466, 'grad_norm': 18.937990188598633, 'learning_rate': 1.0901348579103612e-05, 'epoch': 2.0}
{'eval_loss': 0.12087142467498779, 'eval_recall_0': 0.8235294117647058, 'eval_runtime': 3.0459, 'eval_samples_per_second': 146.752, 'eval_steps_per_second': 9.193, 'epoch': 2.0}
{'loss': 0.0989, 'grad_norm': 1.6950181722640991, 'learning_rate': 9.540199146707175e-06, 'epoch': 3.0}
{'eval_loss': 0.12289819866418839, 'eval_recall_0': 0.7647058823529411, 'eval_runtime': 3.0494, 'eval_samples_per_second': 146.585, 'eval_steps_per_second': 9.182, 'epoch': 3.0}
{'loss': 0.0657, 'grad_norm': 5.4286885261535645, 'learning_rate': 8.179049714310736e-06, 'epoch': 4.0}
{'eval_loss': 0.2013474851846695, 'eval_recall_0': 0.6470588235294118, 'eval_runtime': 3.0498, 'eval_samples_per_second': 146.566, 'eval_steps_per_second': 9.181, 'epoch': 4.0}
{'loss': 0.0345, 'grad_norm': 0.06688360124826431, 'learning_rate': 6.817900281914299e-06, 'epoch': 5.0}
{'eval_loss': 0.1838700920343399, 'eval_recall_0': 0.7254901960784313, 'eval_runtime': 3.0501, 'eval_samples_per_second': 146.55, 'eval_steps_per_second': 9.18, 'epoch': 5.0}
{'train_runtime': 601.5467, 'train_samples_per_second': 59.463, 'train_steps_per_second': 1.862, 'train_loss': 0.13662994163376943, 'epoch': 5.0}
{'loss': 0.3662, 'grad_norm': 3.7770302295684814, 'learning_rate': 6.385016102586619e-06, 'epoch': 1.0}
{'eval_loss': 0.1359369307756424, 'eval_recall_0': 0.7058823529411765, 'eval_runtime': 3.045, 'eval_samples_per_second': 146.799, 'eval_steps_per_second': 9.195, 'epoch': 1.0}
{'loss': 0.1827, 'grad_norm': 1.2655243873596191, 'learning_rate': 8.901424011377341e-06, 'epoch': 2.0}
{'eval_loss': 0.10926776379346848, 'eval_recall_0': 0.7450980392156863, 'eval_runtime': 3.0443, 'eval_samples_per_second': 146.831, 'eval_steps_per_second': 9.197, 'epoch': 2.0}
{'loss': 0.1243, 'grad_norm': 2.5906894207000732, 'learning_rate': 7.789366577719491e-06, 'epoch': 3.0}
{'eval_loss': 0.13112232089042664, 'eval_recall_0': 0.8235294117647058, 'eval_runtime': 3.0457, 'eval_samples_per_second': 146.762, 'eval_steps_per_second': 9.193, 'epoch': 3.0}
{'loss': 0.0795, 'grad_norm': 0.1598607748746872, 'learning_rate': 6.677309144061642e-06, 'epoch': 4.0}
{'eval_loss': 0.18114906549453735, 'eval_recall_0': 0.7254901960784313, 'eval_runtime': 3.0473, 'eval_samples_per_second': 146.689, 'eval_steps_per_second': 9.189, 'epoch': 4.0}
{'loss': 0.0484, 'grad_norm': 0.05941850692033768, 'learning_rate': 5.565251710403792e-06, 'epoch': 5.0}
{'eval_loss': 0.1504199504852295, 'eval_recall_0': 0.803921568627451, 'eval_runtime': 3.0454, 'eval_samples_per_second': 146.777, 'eval_steps_per_second': 9.194, 'epoch': 5.0}
{'loss': 0.0323, 'grad_norm': 0.014657304622232914, 'learning_rate': 4.453194276745943e-06, 'epoch': 6.0}
{'eval_loss': 0.19148136675357819, 'eval_recall_0': 0.7647058823529411, 'eval_runtime': 3.0423, 'eval_samples_per_second': 146.929, 'eval_steps_per_second': 9.204, 'epoch': 6.0}
{'train_runtime': 835.7298, 'train_samples_per_second': 42.801, 'train_steps_per_second': 2.68, 'train_loss': 0.13888677209615707, 'epoch': 6.0}
{'loss': 0.4005, 'grad_norm': 2.8859524726867676, 'learning_rate': 4.732467295058986e-06, 'epoch': 1.0}
{'eval_loss': 0.22652235627174377, 'eval_recall_0': 0.0, 'eval_runtime': 3.0493, 'eval_samples_per_second': 146.592, 'eval_steps_per_second': 9.182, 'epoch': 1.0}
{'loss': 0.1731, 'grad_norm': 6.9311017990112305, 'learning_rate': 5.463350274990876e-06, 'epoch': 2.0}
{'eval_loss': 0.1067264974117279, 'eval_recall_0': 0.803921568627451, 'eval_runtime': 3.0554, 'eval_samples_per_second': 146.3, 'eval_steps_per_second': 9.164, 'epoch': 2.0}
{'loss': 0.1219, 'grad_norm': 9.429261207580566, 'learning_rate': 4.781192827054445e-06, 'epoch': 3.0}
{'eval_loss': 0.11232210695743561, 'eval_recall_0': 0.8235294117647058, 'eval_runtime': 3.0496, 'eval_samples_per_second': 146.576, 'eval_steps_per_second': 9.181, 'epoch': 3.0}
{'loss': 0.0889, 'grad_norm': 10.661163330078125, 'learning_rate': 4.099035379118015e-06, 'epoch': 4.0}
{'eval_loss': 0.15463435649871826, 'eval_recall_0': 0.7254901960784313, 'eval_runtime': 3.0509, 'eval_samples_per_second': 146.516, 'eval_steps_per_second': 9.178, 'epoch': 4.0}
{'loss': 0.06, 'grad_norm': 0.0588870644569397, 'learning_rate': 3.4168779311815847e-06, 'epoch': 5.0}
{'eval_loss': 0.14475905895233154, 'eval_recall_0': 0.8235294117647058, 'eval_runtime': 3.0486, 'eval_samples_per_second': 146.623, 'eval_steps_per_second': 9.184, 'epoch': 5.0}
{'loss': 0.0504, 'grad_norm': 0.048458199948072433, 'learning_rate': 2.7347204832451543e-06, 'epoch': 6.0}
{'eval_loss': 0.1733318567276001, 'eval_recall_0': 0.7647058823529411, 'eval_runtime': 3.0458, 'eval_samples_per_second': 146.761, 'eval_steps_per_second': 9.193, 'epoch': 6.0}
{'train_runtime': 699.0891, 'train_samples_per_second': 51.167, 'train_steps_per_second': 1.602, 'train_loss': 0.14915840256781804, 'epoch': 6.0}
{'loss': 0.3198, 'grad_norm': 24.634376525878906, 'learning_rate': 1.4850025154941659e-05, 'epoch': 1.0}
{'eval_loss': 0.14679467678070068, 'eval_recall_0': 0.5490196078431373, 'eval_runtime': 3.0469, 'eval_samples_per_second': 146.705, 'eval_steps_per_second': 9.19, 'epoch': 1.0}
{'loss': 0.1687, 'grad_norm': 5.930141448974609, 'learning_rate': 1.3201657645176083e-05, 'epoch': 2.0}
{'eval_loss': 0.11382023245096207, 'eval_recall_0': 0.803921568627451, 'eval_runtime': 3.0473, 'eval_samples_per_second': 146.688, 'eval_steps_per_second': 9.189, 'epoch': 2.0}
{'loss': 0.1008, 'grad_norm': 6.794372081756592, 'learning_rate': 1.1553290135410508e-05, 'epoch': 3.0}
{'eval_loss': 0.11755066365003586, 'eval_recall_0': 0.8431372549019608, 'eval_runtime': 3.0495, 'eval_samples_per_second': 146.584, 'eval_steps_per_second': 9.182, 'epoch': 3.0}
{'loss': 0.0727, 'grad_norm': 0.3639078140258789, 'learning_rate': 9.904922625644931e-06, 'epoch': 4.0}
{'eval_loss': 0.16742458939552307, 'eval_recall_0': 0.6862745098039216, 'eval_runtime': 3.0507, 'eval_samples_per_second': 146.524, 'eval_steps_per_second': 9.178, 'epoch': 4.0}
{'loss': 0.0358, 'grad_norm': 0.008460908196866512, 'learning_rate': 8.256555115879357e-06, 'epoch': 5.0}
{'eval_loss': 0.18627199530601501, 'eval_recall_0': 0.7843137254901961, 'eval_runtime': 3.05, 'eval_samples_per_second': 146.556, 'eval_steps_per_second': 9.18, 'epoch': 5.0}
{'loss': 0.0195, 'grad_norm': 0.18919484317302704, 'learning_rate': 6.608187606113781e-06, 'epoch': 6.0}
{'eval_loss': 0.1926707774400711, 'eval_recall_0': 0.7254901960784313, 'eval_runtime': 3.0485, 'eval_samples_per_second': 146.632, 'eval_steps_per_second': 9.185, 'epoch': 6.0}
{'train_runtime': 812.4977, 'train_samples_per_second': 44.025, 'train_steps_per_second': 1.378, 'train_loss': 0.11954957708006814, 'epoch': 6.0}
{'loss': 0.3255, 'grad_norm': 3.1205084323883057, 'learning_rate': 8.251768520744074e-06, 'epoch': 1.0}
{'eval_loss': 0.14831897616386414, 'eval_recall_0': 0.6274509803921569, 'eval_runtime': 3.0443, 'eval_samples_per_second': 146.833, 'eval_steps_per_second': 9.198, 'epoch': 1.0}
{'loss': 0.1716, 'grad_norm': 0.38170325756073, 'learning_rate': 7.335359919531049e-06, 'epoch': 2.0}
{'eval_loss': 0.11067036539316177, 'eval_recall_0': 0.7450980392156863, 'eval_runtime': 3.0471, 'eval_samples_per_second': 146.697, 'eval_steps_per_second': 9.189, 'epoch': 2.0}
{'loss': 0.1104, 'grad_norm': 0.5082628726959229, 'learning_rate': 6.418951318318023e-06, 'epoch': 3.0}
{'eval_loss': 0.14668554067611694, 'eval_recall_0': 0.8627450980392157, 'eval_runtime': 3.3594, 'eval_samples_per_second': 133.059, 'eval_steps_per_second': 8.335, 'epoch': 3.0}
{'loss': 0.0676, 'grad_norm': 0.10501865297555923, 'learning_rate': 5.502542717104998e-06, 'epoch': 4.0}
{'eval_loss': 0.17512047290802002, 'eval_recall_0': 0.803921568627451, 'eval_runtime': 3.0476, 'eval_samples_per_second': 146.673, 'eval_steps_per_second': 9.188, 'epoch': 4.0}
{'loss': 0.0368, 'grad_norm': 0.14983166754245758, 'learning_rate': 4.5861341158919725e-06, 'epoch': 5.0}
{'eval_loss': 0.21309147775173187, 'eval_recall_0': 0.7450980392156863, 'eval_runtime': 3.0478, 'eval_samples_per_second': 146.663, 'eval_steps_per_second': 9.187, 'epoch': 5.0}
{'loss': 0.0304, 'grad_norm': 0.14159849286079407, 'learning_rate': 3.6697255146789467e-06, 'epoch': 6.0}
{'eval_loss': 0.16618244349956512, 'eval_recall_0': 0.7647058823529411, 'eval_runtime': 3.0518, 'eval_samples_per_second': 146.47, 'eval_steps_per_second': 9.175, 'epoch': 6.0}
{'train_runtime': 855.023, 'train_samples_per_second': 41.835, 'train_steps_per_second': 2.62, 'train_loss': 0.12372919349443345, 'epoch': 6.0}
{'loss': 0.3315, 'grad_norm': 3.2377848625183105, 'learning_rate': 5.028963305968863e-06, 'epoch': 1.0}
{'eval_loss': 0.1593145877122879, 'eval_recall_0': 0.5098039215686274, 'eval_runtime': 3.0472, 'eval_samples_per_second': 146.69, 'eval_steps_per_second': 9.189, 'epoch': 1.0}
{'loss': 0.1372, 'grad_norm': 3.5062382221221924, 'learning_rate': 4.470743394899971e-06, 'epoch': 2.0}
{'eval_loss': 0.11841412633657455, 'eval_recall_0': 0.7843137254901961, 'eval_runtime': 3.0456, 'eval_samples_per_second': 146.771, 'eval_steps_per_second': 9.194, 'epoch': 2.0}
{'loss': 0.1056, 'grad_norm': 12.783061981201172, 'learning_rate': 3.912523483831078e-06, 'epoch': 3.0}
{'eval_loss': 0.12258245795965195, 'eval_recall_0': 0.7843137254901961, 'eval_runtime': 3.0458, 'eval_samples_per_second': 146.757, 'eval_steps_per_second': 9.193, 'epoch': 3.0}
{'loss': 0.0832, 'grad_norm': 31.271913528442383, 'learning_rate': 3.354303572762185e-06, 'epoch': 4.0}
{'eval_loss': 0.17550502717494965, 'eval_recall_0': 0.6862745098039216, 'eval_runtime': 3.0457, 'eval_samples_per_second': 146.765, 'eval_steps_per_second': 9.193, 'epoch': 4.0}
{'loss': 0.0642, 'grad_norm': 0.14375090599060059, 'learning_rate': 2.7960836616932928e-06, 'epoch': 5.0}
{'eval_loss': 0.13748420774936676, 'eval_recall_0': 0.803921568627451, 'eval_runtime': 3.0465, 'eval_samples_per_second': 146.724, 'eval_steps_per_second': 9.191, 'epoch': 5.0}
{'loss': 0.0444, 'grad_norm': 0.0541577972471714, 'learning_rate': 2.2378637506244e-06, 'epoch': 6.0}
{'eval_loss': 0.1772194355726242, 'eval_recall_0': 0.7647058823529411, 'eval_runtime': 3.0474, 'eval_samples_per_second': 146.682, 'eval_steps_per_second': 9.188, 'epoch': 6.0}
{'loss': 0.0354, 'grad_norm': 1.7662681341171265, 'learning_rate': 1.6796438395555074e-06, 'epoch': 7.0}
{'eval_loss': 0.19635571539402008, 'eval_recall_0': 0.7058823529411765, 'eval_runtime': 3.049, 'eval_samples_per_second': 146.604, 'eval_steps_per_second': 9.183, 'epoch': 7.0}
{'loss': 0.0254, 'grad_norm': 0.06442677229642868, 'learning_rate': 1.1214239284866147e-06, 'epoch': 8.0}
{'eval_loss': 0.21358764171600342, 'eval_recall_0': 0.7058823529411765, 'eval_runtime': 3.0498, 'eval_samples_per_second': 146.565, 'eval_steps_per_second': 9.181, 'epoch': 8.0}
{'train_runtime': 932.1912, 'train_samples_per_second': 38.372, 'train_steps_per_second': 1.201, 'train_loss': 0.10337486676871777, 'epoch': 8.0}
{'loss': 0.3699, 'grad_norm': 2.244874954223633, 'learning_rate': 1.747544611108696e-05, 'epoch': 1.0}
{'eval_loss': 0.1987137347459793, 'eval_recall_0': 0.6078431372549019, 'eval_runtime': 3.0491, 'eval_samples_per_second': 146.602, 'eval_steps_per_second': 9.183, 'epoch': 1.0}
{'loss': 0.1416, 'grad_norm': 2.0823237895965576, 'learning_rate': 1.5537574859164445e-05, 'epoch': 2.0}
{'eval_loss': 0.10948275774717331, 'eval_recall_0': 0.8627450980392157, 'eval_runtime': 3.4087, 'eval_samples_per_second': 131.134, 'eval_steps_per_second': 8.214, 'epoch': 2.0}
{'loss': 0.1116, 'grad_norm': 7.59625244140625, 'learning_rate': 1.3599703607241931e-05, 'epoch': 3.0}
{'eval_loss': 0.1399400532245636, 'eval_recall_0': 0.7843137254901961, 'eval_runtime': 3.0509, 'eval_samples_per_second': 146.516, 'eval_steps_per_second': 9.178, 'epoch': 3.0}
{'loss': 0.0778, 'grad_norm': 8.592849731445312, 'learning_rate': 1.1661832355319417e-05, 'epoch': 4.0}
{'eval_loss': 0.16785115003585815, 'eval_recall_0': 0.6274509803921569, 'eval_runtime': 3.7151, 'eval_samples_per_second': 120.319, 'eval_steps_per_second': 7.537, 'epoch': 4.0}
{'loss': 0.0513, 'grad_norm': 9.137848854064941, 'learning_rate': 9.723961103396902e-06, 'epoch': 5.0}
{'eval_loss': 0.13089360296726227, 'eval_recall_0': 0.8235294117647058, 'eval_runtime': 3.5767, 'eval_samples_per_second': 124.976, 'eval_steps_per_second': 7.828, 'epoch': 5.0}
{'train_runtime': 609.4569, 'train_samples_per_second': 58.692, 'train_steps_per_second': 0.919, 'train_loss': 0.15043862972940716, 'epoch': 5.0}
{'loss': 0.3421, 'grad_norm': 7.101238250732422, 'learning_rate': 1.1139319184774124e-05, 'epoch': 1.0}
{'eval_loss': 0.17442309856414795, 'eval_recall_0': 0.5882352941176471, 'eval_runtime': 3.0471, 'eval_samples_per_second': 146.697, 'eval_steps_per_second': 9.189, 'epoch': 1.0}
{'loss': 0.1539, 'grad_norm': 4.083706378936768, 'learning_rate': 9.902843715304647e-06, 'epoch': 2.0}
{'eval_loss': 0.11165613681077957, 'eval_recall_0': 0.8627450980392157, 'eval_runtime': 3.0481, 'eval_samples_per_second': 146.649, 'eval_steps_per_second': 9.186, 'epoch': 2.0}
{'loss': 0.0912, 'grad_norm': 2.551996946334839, 'learning_rate': 8.66636824583517e-06, 'epoch': 3.0}
{'eval_loss': 0.11477062106132507, 'eval_recall_0': 0.8235294117647058, 'eval_runtime': 3.0478, 'eval_samples_per_second': 146.665, 'eval_steps_per_second': 9.187, 'epoch': 3.0}
{'loss': 0.0626, 'grad_norm': 14.234343528747559, 'learning_rate': 7.429892776365694e-06, 'epoch': 4.0}
{'eval_loss': 0.14226415753364563, 'eval_recall_0': 0.7450980392156863, 'eval_runtime': 3.0467, 'eval_samples_per_second': 146.714, 'eval_steps_per_second': 9.19, 'epoch': 4.0}
{'loss': 0.041, 'grad_norm': 0.04781313240528107, 'learning_rate': 6.193417306896217e-06, 'epoch': 5.0}
{'eval_loss': 0.1294962614774704, 'eval_recall_0': 0.8431372549019608, 'eval_runtime': 3.0495, 'eval_samples_per_second': 146.582, 'eval_steps_per_second': 9.182, 'epoch': 5.0}
{'train_runtime': 687.6677, 'train_samples_per_second': 52.016, 'train_steps_per_second': 1.629, 'train_loss': 0.1381651656968253, 'epoch': 5.0}
{'learning_rate': 8.292679619012513e-06, 'weight_decay': 0.06514329223856712, 'warmup_ratio': 0.09484680430465921, 'batch_size': 4, 'grad_accum': 4}
{'eval_loss': 0.14494900405406952, 'eval_recall_0': 0.6862745098039216, 'eval_runtime': 3.0633, 'eval_samples_per_second': 145.921, 'eval_steps_per_second': 9.14, 'epoch': 1.0}
{'eval_loss': 0.1109224185347557, 'eval_recall_0': 0.7450980392156863, 'eval_runtime': 3.0628, 'eval_samples_per_second': 145.946, 'eval_steps_per_second': 9.142, 'epoch': 2.0}
{'loss': 0.2411, 'grad_norm': 5.216529369354248, 'learning_rate': 7.1226222085351684e-06, 'epoch': 2.23}
{'eval_loss': 0.16718341410160065, 'eval_recall_0': 0.8823529411764706, 'eval_runtime': 3.087, 'eval_samples_per_second': 144.802, 'eval_steps_per_second': 9.07, 'epoch': 3.0}
{'eval_loss': 0.1922856569290161, 'eval_recall_0': 0.7647058823529411, 'eval_runtime': 3.0627, 'eval_samples_per_second': 145.951, 'eval_steps_per_second': 9.142, 'epoch': 4.0}
{'loss': 0.0841, 'grad_norm': 78.1771469116211, 'learning_rate': 5.077067295113235e-06, 'epoch': 4.46}
{'eval_loss': 0.1597731113433838, 'eval_recall_0': 0.7450980392156863, 'eval_runtime': 3.0625, 'eval_samples_per_second': 145.96, 'eval_steps_per_second': 9.143, 'epoch': 5.0}
{'eval_loss': 0.16961368918418884, 'eval_recall_0': 0.7843137254901961, 'eval_runtime': 3.0644, 'eval_samples_per_second': 145.87, 'eval_steps_per_second': 9.137, 'epoch': 6.0}
{'train_runtime': 837.8479, 'train_samples_per_second': 42.693, 'train_steps_per_second': 2.674, 'train_loss': 0.12929784471080416, 'epoch': 6.0}

===== BEST TRIAL =====
{'learning_rate': 8.292679619012513e-06, 'weight_decay': 0.06514329223856712, 'warmup_ratio': 0.09484680430465921, 'batch_size': 4, 'grad_accum': 4}
Best Recall: 0.8627450980392157
{'eval_loss': 0.16718341410160065, 'eval_recall_0': 0.8823529411764706, 'eval_runtime': 3.0654, 'eval_samples_per_second': 145.821, 'eval_steps_per_second': 9.134, 'epoch': 6.0}

=============
Confusion matrix:
 [[ 47   5]
 [ 11 385]]
              precision    recall  f1-score   support

     class_0     0.8103    0.9038    0.8545        52
     class_1     0.9872    0.9722    0.9796       396

    accuracy                         0.9643       448
   macro avg     0.8988    0.9380    0.9171       448
weighted avg     0.9667    0.9643    0.9651       448

