[2026-07-16 00:39:39,046] [INFO] [real_accelerator.py:254:get_accelerator] Setting ds_accelerator to cuda (auto detect)
[2026-07-16 00:39:44,463] [INFO] [logging.py:107:log_dist] [Rank -1] [TorchCheckpointEngine] Initialized with serialization = False
{'loss': 0.2902, 'grad_norm': 3.091571807861328, 'learning_rate': 7.038368688549659e-06, 'epoch': 1.0}
{'eval_loss': 0.12980738282203674, 'eval_recall_0': 0.897196261682243, 'eval_runtime': 4.1716, 'eval_samples_per_second': 147.186, 'eval_steps_per_second': 9.349, 'epoch': 1.0}
{'loss': 0.0953, 'grad_norm': 9.517646789550781, 'learning_rate': 6.257454583335936e-06, 'epoch': 2.0}
{'eval_loss': 0.12620671093463898, 'eval_recall_0': 0.9532710280373832, 'eval_runtime': 4.1704, 'eval_samples_per_second': 147.229, 'eval_steps_per_second': 9.352, 'epoch': 2.0}
{'loss': 0.0775, 'grad_norm': 5.802943706512451, 'learning_rate': 5.476540478122213e-06, 'epoch': 3.0}
{'eval_loss': 0.13782982528209686, 'eval_recall_0': 0.897196261682243, 'eval_runtime': 4.1776, 'eval_samples_per_second': 146.975, 'eval_steps_per_second': 9.336, 'epoch': 3.0}
{'loss': 0.0553, 'grad_norm': 2.3931875228881836, 'learning_rate': 4.69562637290849e-06, 'epoch': 4.0}
{'eval_loss': 0.17373594641685486, 'eval_recall_0': 0.9018691588785047, 'eval_runtime': 4.1852, 'eval_samples_per_second': 146.708, 'eval_steps_per_second': 9.319, 'epoch': 4.0}
{'loss': 0.0403, 'grad_norm': 3.2976043224334717, 'learning_rate': 3.914712267694767e-06, 'epoch': 5.0}
{'eval_loss': 0.18269827961921692, 'eval_recall_0': 0.9018691588785047, 'eval_runtime': 4.1915, 'eval_samples_per_second': 146.485, 'eval_steps_per_second': 9.304, 'epoch': 5.0}
{'train_runtime': 748.0432, 'train_samples_per_second': 65.705, 'train_steps_per_second': 1.029, 'train_loss': 0.11172591246567763, 'epoch': 5.0}
{'loss': 0.2934, 'grad_norm': 0.09058884531259537, 'learning_rate': 1.4148292959769891e-05, 'epoch': 1.0}
{'eval_loss': 0.21363967657089233, 'eval_recall_0': 0.8644859813084113, 'eval_runtime': 4.168, 'eval_samples_per_second': 147.314, 'eval_steps_per_second': 9.357, 'epoch': 1.0}
{'loss': 0.1289, 'grad_norm': 0.018710626289248466, 'learning_rate': 1.257682731548243e-05, 'epoch': 2.0}
{'eval_loss': 0.27459558844566345, 'eval_recall_0': 0.8598130841121495, 'eval_runtime': 4.1677, 'eval_samples_per_second': 147.324, 'eval_steps_per_second': 9.358, 'epoch': 2.0}
{'loss': 0.0853, 'grad_norm': 0.017380183562636375, 'learning_rate': 1.1005361671194972e-05, 'epoch': 3.0}
{'eval_loss': 0.20391041040420532, 'eval_recall_0': 0.9205607476635514, 'eval_runtime': 4.1676, 'eval_samples_per_second': 147.326, 'eval_steps_per_second': 9.358, 'epoch': 3.0}
{'loss': 0.0456, 'grad_norm': 0.011358479037880898, 'learning_rate': 9.433896026907511e-06, 'epoch': 4.0}
{'eval_loss': 0.2740848660469055, 'eval_recall_0': 0.8878504672897196, 'eval_runtime': 4.1675, 'eval_samples_per_second': 147.33, 'eval_steps_per_second': 9.358, 'epoch': 4.0}
{'loss': 0.0318, 'grad_norm': 0.0008272223640233278, 'learning_rate': 7.862430382620052e-06, 'epoch': 5.0}
{'eval_loss': 0.31550008058547974, 'eval_recall_0': 0.8785046728971962, 'eval_runtime': 4.1681, 'eval_samples_per_second': 147.308, 'eval_steps_per_second': 9.357, 'epoch': 5.0}
{'loss': 0.0138, 'grad_norm': 0.004723730031400919, 'learning_rate': 6.290964738332591e-06, 'epoch': 6.0}
{'eval_loss': 0.34817153215408325, 'eval_recall_0': 0.8878504672897196, 'eval_runtime': 5.2737, 'eval_samples_per_second': 116.427, 'eval_steps_per_second': 7.395, 'epoch': 6.0}
{'train_runtime': 1145.1009, 'train_samples_per_second': 42.922, 'train_steps_per_second': 2.69, 'train_loss': 0.09980436320944781, 'epoch': 6.0}
{'loss': 0.3522, 'grad_norm': 0.032755047082901, 'learning_rate': 5.784835271520734e-06, 'epoch': 1.0}
{'eval_loss': 0.20098993182182312, 'eval_recall_0': 0.8457943925233645, 'eval_runtime': 4.1668, 'eval_samples_per_second': 147.356, 'eval_steps_per_second': 9.36, 'epoch': 1.0}
{'loss': 0.1316, 'grad_norm': 0.023006483912467957, 'learning_rate': 6.4783565877467255e-06, 'epoch': 2.0}
{'eval_loss': 0.24173934757709503, 'eval_recall_0': 0.8551401869158879, 'eval_runtime': 4.1659, 'eval_samples_per_second': 147.387, 'eval_steps_per_second': 9.362, 'epoch': 2.0}
{'loss': 0.0932, 'grad_norm': 0.038994427770376205, 'learning_rate': 5.668890531346729e-06, 'epoch': 3.0}
{'eval_loss': 0.15543551743030548, 'eval_recall_0': 0.9205607476635514, 'eval_runtime': 5.8053, 'eval_samples_per_second': 105.766, 'eval_steps_per_second': 6.718, 'epoch': 3.0}
{'loss': 0.0625, 'grad_norm': 0.12001828849315643, 'learning_rate': 4.859424474946732e-06, 'epoch': 4.0}
{'eval_loss': 0.22834795713424683, 'eval_recall_0': 0.9018691588785047, 'eval_runtime': 4.1688, 'eval_samples_per_second': 147.286, 'eval_steps_per_second': 9.355, 'epoch': 4.0}
{'loss': 0.0373, 'grad_norm': 0.0015028653433546424, 'learning_rate': 4.049958418546736e-06, 'epoch': 5.0}
{'eval_loss': 0.2292669117450714, 'eval_recall_0': 0.8878504672897196, 'eval_runtime': 4.1674, 'eval_samples_per_second': 147.335, 'eval_steps_per_second': 9.358, 'epoch': 5.0}
{'loss': 0.0216, 'grad_norm': 0.0034659532830119133, 'learning_rate': 3.2404923621467393e-06, 'epoch': 6.0}
{'eval_loss': 0.2649913728237152, 'eval_recall_0': 0.9065420560747663, 'eval_runtime': 4.1672, 'eval_samples_per_second': 147.34, 'eval_steps_per_second': 9.359, 'epoch': 6.0}
{'train_runtime': 1123.789, 'train_samples_per_second': 43.736, 'train_steps_per_second': 2.741, 'train_loss': 0.1163794088673282, 'epoch': 6.0}
{'loss': 0.2505, 'grad_norm': 0.01612301729619503, 'learning_rate': 6.1744114511864885e-06, 'epoch': 1.0}
{'eval_loss': 0.23039841651916504, 'eval_recall_0': 0.8457943925233645, 'eval_runtime': 4.1646, 'eval_samples_per_second': 147.434, 'eval_steps_per_second': 9.365, 'epoch': 1.0}
{'loss': 0.1196, 'grad_norm': 0.015037567354738712, 'learning_rate': 5.4886131363774595e-06, 'epoch': 2.0}
{'eval_loss': 0.234075665473938, 'eval_recall_0': 0.8598130841121495, 'eval_runtime': 4.1673, 'eval_samples_per_second': 147.336, 'eval_steps_per_second': 9.358, 'epoch': 2.0}
{'loss': 0.0741, 'grad_norm': 0.029751379042863846, 'learning_rate': 4.80281482156843e-06, 'epoch': 3.0}
{'eval_loss': 0.1537797898054123, 'eval_recall_0': 0.9392523364485982, 'eval_runtime': 4.1776, 'eval_samples_per_second': 146.973, 'eval_steps_per_second': 9.335, 'epoch': 3.0}
{'loss': 0.0439, 'grad_norm': 0.055487457662820816, 'learning_rate': 4.117016506759401e-06, 'epoch': 4.0}
{'eval_loss': 0.20361633598804474, 'eval_recall_0': 0.8925233644859814, 'eval_runtime': 4.1748, 'eval_samples_per_second': 147.072, 'eval_steps_per_second': 9.342, 'epoch': 4.0}
{'loss': 0.0298, 'grad_norm': 0.00462446641176939, 'learning_rate': 3.431218191950371e-06, 'epoch': 5.0}
{'eval_loss': 0.21299441158771515, 'eval_recall_0': 0.897196261682243, 'eval_runtime': 4.171, 'eval_samples_per_second': 147.207, 'eval_steps_per_second': 9.35, 'epoch': 5.0}
{'loss': 0.0152, 'grad_norm': 0.002134600654244423, 'learning_rate': 2.745419877141342e-06, 'epoch': 6.0}
{'eval_loss': 0.256091445684433, 'eval_recall_0': 0.9112149532710281, 'eval_runtime': 5.268, 'eval_samples_per_second': 116.552, 'eval_steps_per_second': 7.403, 'epoch': 6.0}
{'train_runtime': 1118.6759, 'train_samples_per_second': 43.936, 'train_steps_per_second': 2.753, 'train_loss': 0.08884792926507595, 'epoch': 6.0}
{'loss': 0.3812, 'grad_norm': 2.4895236492156982, 'learning_rate': 1.6755807794176664e-05, 'epoch': 1.0}
{'eval_loss': 0.15963681042194366, 'eval_recall_0': 0.8644859813084113, 'eval_runtime': 4.1769, 'eval_samples_per_second': 147.001, 'eval_steps_per_second': 9.337, 'epoch': 1.0}
{'loss': 0.1203, 'grad_norm': 2.3157074451446533, 'learning_rate': 1.6434568163402687e-05, 'epoch': 2.0}
{'eval_loss': 0.12842214107513428, 'eval_recall_0': 0.9299065420560748, 'eval_runtime': 4.1755, 'eval_samples_per_second': 147.048, 'eval_steps_per_second': 9.34, 'epoch': 2.0}
{'loss': 0.0767, 'grad_norm': 3.6647679805755615, 'learning_rate': 1.4383576674614993e-05, 'epoch': 3.0}
{'eval_loss': 0.1472705453634262, 'eval_recall_0': 0.9345794392523364, 'eval_runtime': 4.1756, 'eval_samples_per_second': 147.045, 'eval_steps_per_second': 9.34, 'epoch': 3.0}
{'loss': 0.0487, 'grad_norm': 5.368673324584961, 'learning_rate': 1.2332585185827302e-05, 'epoch': 4.0}
{'eval_loss': 0.2615032196044922, 'eval_recall_0': 0.8691588785046729, 'eval_runtime': 4.8705, 'eval_samples_per_second': 126.064, 'eval_steps_per_second': 8.007, 'epoch': 4.0}
{'loss': 0.0297, 'grad_norm': 7.715911388397217, 'learning_rate': 1.0281593697039608e-05, 'epoch': 5.0}
{'eval_loss': 0.19797176122665405, 'eval_recall_0': 0.8785046728971962, 'eval_runtime': 4.1753, 'eval_samples_per_second': 147.054, 'eval_steps_per_second': 9.341, 'epoch': 5.0}
{'loss': 0.0112, 'grad_norm': 12.279512405395508, 'learning_rate': 8.230602208251913e-06, 'epoch': 6.0}
{'eval_loss': 0.2305266112089157, 'eval_recall_0': 0.9065420560747663, 'eval_runtime': 5.5104, 'eval_samples_per_second': 111.425, 'eval_steps_per_second': 7.077, 'epoch': 6.0}
{'train_runtime': 920.0544, 'train_samples_per_second': 53.421, 'train_steps_per_second': 0.837, 'train_loss': 0.11131887350763593, 'epoch': 6.0}
{'loss': 0.4471, 'grad_norm': 0.7774960994720459, 'learning_rate': 4.7638204923157724e-06, 'epoch': 1.0}
{'eval_loss': 0.19771382212638855, 'eval_recall_0': 0.8411214953271028, 'eval_runtime': 4.1732, 'eval_samples_per_second': 147.129, 'eval_steps_per_second': 9.345, 'epoch': 1.0}
{'loss': 0.1198, 'grad_norm': 0.34193456172943115, 'learning_rate': 4.9218959837651644e-06, 'epoch': 2.0}
{'eval_loss': 0.17131315171718597, 'eval_recall_0': 0.9065420560747663, 'eval_runtime': 4.1758, 'eval_samples_per_second': 147.038, 'eval_steps_per_second': 9.34, 'epoch': 2.0}
{'loss': 0.0927, 'grad_norm': 9.268550872802734, 'learning_rate': 4.307157961461973e-06, 'epoch': 3.0}
{'eval_loss': 0.15600523352622986, 'eval_recall_0': 0.8785046728971962, 'eval_runtime': 4.1712, 'eval_samples_per_second': 147.199, 'eval_steps_per_second': 9.35, 'epoch': 3.0}
{'loss': 0.0604, 'grad_norm': 0.14757005870342255, 'learning_rate': 3.6924199391587814e-06, 'epoch': 4.0}
{'eval_loss': 0.24025759100914001, 'eval_recall_0': 0.8598130841121495, 'eval_runtime': 4.1737, 'eval_samples_per_second': 147.111, 'eval_steps_per_second': 9.344, 'epoch': 4.0}
{'loss': 0.0482, 'grad_norm': 0.02613051049411297, 'learning_rate': 3.0776819168555895e-06, 'epoch': 5.0}
{'eval_loss': 0.2027113437652588, 'eval_recall_0': 0.897196261682243, 'eval_runtime': 4.1766, 'eval_samples_per_second': 147.011, 'eval_steps_per_second': 9.338, 'epoch': 5.0}
{'train_runtime': 781.6892, 'train_samples_per_second': 62.877, 'train_steps_per_second': 1.97, 'train_loss': 0.15364640533150017, 'epoch': 5.0}
{'loss': 0.408, 'grad_norm': 0.4776589572429657, 'learning_rate': 6.354368265028353e-06, 'epoch': 1.0}
{'eval_loss': 0.17881882190704346, 'eval_recall_0': 0.8598130841121495, 'eval_runtime': 4.1755, 'eval_samples_per_second': 147.049, 'eval_steps_per_second': 9.34, 'epoch': 1.0}
{'loss': 0.117, 'grad_norm': 0.1678531914949417, 'learning_rate': 5.81328344232465e-06, 'epoch': 2.0}
{'eval_loss': 0.16014163196086884, 'eval_recall_0': 0.9158878504672897, 'eval_runtime': 4.1744, 'eval_samples_per_second': 147.086, 'eval_steps_per_second': 9.343, 'epoch': 2.0}
{'loss': 0.0877, 'grad_norm': 18.789756774902344, 'learning_rate': 5.0872123554487405e-06, 'epoch': 3.0}
{'eval_loss': 0.14616766571998596, 'eval_recall_0': 0.9299065420560748, 'eval_runtime': 4.1732, 'eval_samples_per_second': 147.129, 'eval_steps_per_second': 9.345, 'epoch': 3.0}
{'loss': 0.0591, 'grad_norm': 0.4430827796459198, 'learning_rate': 4.361141268572831e-06, 'epoch': 4.0}
{'eval_loss': 0.17886169254779816, 'eval_recall_0': 0.8925233644859814, 'eval_runtime': 5.1771, 'eval_samples_per_second': 118.598, 'eval_steps_per_second': 7.533, 'epoch': 4.0}
{'loss': 0.0454, 'grad_norm': 0.043575718998909, 'learning_rate': 3.635070181696922e-06, 'epoch': 5.0}
{'eval_loss': 0.21651238203048706, 'eval_recall_0': 0.8925233644859814, 'eval_runtime': 4.1766, 'eval_samples_per_second': 147.011, 'eval_steps_per_second': 9.338, 'epoch': 5.0}
{'loss': 0.026, 'grad_norm': 0.10242407023906708, 'learning_rate': 2.908999094821013e-06, 'epoch': 6.0}
{'eval_loss': 0.30441462993621826, 'eval_recall_0': 0.8644859813084113, 'eval_runtime': 4.177, 'eval_samples_per_second': 146.997, 'eval_steps_per_second': 9.337, 'epoch': 6.0}
{'train_runtime': 910.832, 'train_samples_per_second': 53.962, 'train_steps_per_second': 1.691, 'train_loss': 0.12387765176368482, 'epoch': 6.0}
{'loss': 0.3723, 'grad_norm': 0.27868589758872986, 'learning_rate': 5.736972451931201e-06, 'epoch': 1.0}
{'eval_loss': 0.1857629269361496, 'eval_recall_0': 0.8411214953271028, 'eval_runtime': 4.168, 'eval_samples_per_second': 147.311, 'eval_steps_per_second': 9.357, 'epoch': 1.0}
{'loss': 0.1107, 'grad_norm': 0.6576140522956848, 'learning_rate': 5.0999906512120915e-06, 'epoch': 2.0}
{'eval_loss': 0.15839172899723053, 'eval_recall_0': 0.9205607476635514, 'eval_runtime': 4.175, 'eval_samples_per_second': 147.065, 'eval_steps_per_second': 9.341, 'epoch': 2.0}
{'loss': 0.0796, 'grad_norm': 13.216596603393555, 'learning_rate': 4.463008850492982e-06, 'epoch': 3.0}
{'eval_loss': 0.14962135255336761, 'eval_recall_0': 0.9205607476635514, 'eval_runtime': 4.1709, 'eval_samples_per_second': 147.212, 'eval_steps_per_second': 9.351, 'epoch': 3.0}
{'loss': 0.0545, 'grad_norm': 2.6358604431152344, 'learning_rate': 3.826027049773873e-06, 'epoch': 4.0}
{'eval_loss': 0.24268169701099396, 'eval_recall_0': 0.8738317757009346, 'eval_runtime': 4.1702, 'eval_samples_per_second': 147.236, 'eval_steps_per_second': 9.352, 'epoch': 4.0}
{'loss': 0.037, 'grad_norm': 0.02524939365684986, 'learning_rate': 3.189045249054763e-06, 'epoch': 5.0}
{'eval_loss': 0.21207822859287262, 'eval_recall_0': 0.9065420560747663, 'eval_runtime': 5.3353, 'eval_samples_per_second': 115.083, 'eval_steps_per_second': 7.31, 'epoch': 5.0}
{'train_runtime': 756.7212, 'train_samples_per_second': 64.951, 'train_steps_per_second': 2.035, 'train_loss': 0.1308170306218135, 'epoch': 5.0}
{'learning_rate': 7.788857568884925e-06, 'weight_decay': 0.05084547421893973, 'warmup_ratio': 0.0018410240823107159, 'batch_size': 8, 'grad_accum': 8}
{'eval_loss': 0.13663150370121002, 'eval_recall_0': 0.897196261682243, 'eval_runtime': 4.1859, 'eval_samples_per_second': 146.683, 'eval_steps_per_second': 9.317, 'epoch': 1.0}
{'eval_loss': 0.13161636888980865, 'eval_recall_0': 0.9065420560747663, 'eval_runtime': 4.1896, 'eval_samples_per_second': 146.553, 'eval_steps_per_second': 9.309, 'epoch': 2.0}
{'eval_loss': 0.15534012019634247, 'eval_recall_0': 0.8785046728971962, 'eval_runtime': 4.1933, 'eval_samples_per_second': 146.425, 'eval_steps_per_second': 9.301, 'epoch': 3.0}
{'eval_loss': 0.18101851642131805, 'eval_recall_0': 0.897196261682243, 'eval_runtime': 4.1928, 'eval_samples_per_second': 146.443, 'eval_steps_per_second': 9.302, 'epoch': 4.0}
{'eval_loss': 0.15630382299423218, 'eval_recall_0': 0.9299065420560748, 'eval_runtime': 4.1858, 'eval_samples_per_second': 146.687, 'eval_steps_per_second': 9.317, 'epoch': 5.0}
{'eval_loss': 0.18829910457134247, 'eval_recall_0': 0.9158878504672897, 'eval_runtime': 5.671, 'eval_samples_per_second': 108.271, 'eval_steps_per_second': 6.877, 'epoch': 6.0}
{'loss': 0.0927, 'grad_norm': 0.15372419357299805, 'learning_rate': 2.7484119806872585e-06, 'epoch': 6.49}
{'eval_loss': 0.22890616953372955, 'eval_recall_0': 0.8878504672897196, 'eval_runtime': 4.1872, 'eval_samples_per_second': 146.638, 'eval_steps_per_second': 9.314, 'epoch': 7.0}
{'eval_loss': 0.2666982412338257, 'eval_recall_0': 0.8785046728971962, 'eval_runtime': 4.1896, 'eval_samples_per_second': 146.555, 'eval_steps_per_second': 9.309, 'epoch': 8.0}
{'train_runtime': 1214.49, 'train_samples_per_second': 40.47, 'train_steps_per_second': 0.634, 'train_loss': 0.07831865761961256, 'epoch': 8.0}

===== BEST TRIAL =====
{'learning_rate': 7.788857568884925e-06, 'weight_decay': 0.05084547421893973, 'warmup_ratio': 0.0018410240823107159, 'batch_size': 8, 'grad_accum': 8}
Best Recall: 0.9532710280373832
{'eval_loss': 0.15630382299423218, 'eval_recall_0': 0.9299065420560748, 'eval_runtime': 4.1963, 'eval_samples_per_second': 146.319, 'eval_steps_per_second': 9.294, 'epoch': 8.0}

=============
Confusion matrix:
 [[203  12]
 [  7 393]]
              precision    recall  f1-score   support

     class_0     0.9667    0.9442    0.9553       215
     class_1     0.9704    0.9825    0.9764       400

    accuracy                         0.9691       615
   macro avg     0.9685    0.9633    0.9658       615
weighted avg     0.9691    0.9691    0.9690       615


Model saved to: /scratch/project_2005092/nima/saved_models/bge-m3-retromae_spamham
