{'threshold': 0.004, 'recall_0': 0.9766355140186916, 'recall_1': 0.9025}
[[209   5]
 [ 39 361]]
              precision    recall  f1-score   support

           0     0.8427    0.9766    0.9048       214
           1     0.9863    0.9025    0.9426       400

    accuracy                         0.9283       614
   macro avg     0.9145    0.9396    0.9237       614
weighted avg     0.9363    0.9283    0.9294       614

[214 400]

Lowest P(class0) examples:
P(class0): 0.0008295892
Label: 1
محمد خبریزاده، کارشناس بازار سرمایه در گفتوگو با خبرنگار اقتصادی باشگاه خبرنگاران جوان گفت: امروز ۲۴ مهرماه یکی از روزهای بد بازار سرمایه را پشت سر گذاشتیم؛ در جریان معاملات امروز ارزش معاملات خرد حدود ۲ هزار و ۲۸۰ میلیارد تومان بود و تقریبا حدود ۸۹ درصد بازار منفی و درگیر صفهای فروش بودند؛ همچنین ا
----
P(class0): 0.0008295892
Label: 1
قسمتی از وصیت نامه شهید حجت الاسلام و المسلمین عبد الله میثمی
فرزندان تان را با حب اهل بیت بار بیاورید. آن ها را آشنا با ولایت فقیه کنید.
مگر نمی دانید که پیغمبر خدا ما را به دست اهل بیتش سپرد و امام زمان(عج) ما را به دست فقها سپردند؟
مبادا در راهی به جز راه مرجع تقلید قدمی بردارید که در این صورت در
----
P(class0): 0.00085590064
Label: 1
معرفی کتاب
هزار درنا نام رمانی است که توسط مؤلف ژاپنی یاسوناری کاواباتا در سال ۱۹۵۲ میلادی نگاشته شده اشت. این اثر توسط رضا دادویی به فارسی برگردانده شده است.
خلاصهای از کتاب
رمان هزار درنا، داستانی است درباره ی آرزو و افسوس و در آن، حسی از نوستالژی به چشم می خورد که اتصال دهنده ی دنیای زندگان با مر
----
P(class0): 0.00085590064
Label: 1
هم اکنون حجم مورد نیاز برای نصب بازی مبارزه ای The King of Fighters XIV بر روی PlayStation 4 اعلام شده است. طبق گزارش های موجود در PlayStation Store این بازی مبارزه ای حجمی معادل 16.21 گیگابایت خواهد داشت. The King of Fighters XIV عنوانی در ژانر مبارزه و مد سینگل پلیر (تک نفره) و مولتی پلیر (چند نفر
----
P(class0): 0.0008693674
Label: 1
من هم برای نصب Tailwind و هم ری اکت به این ارورها خوردم.
چند بار حذف و نصب کردم تو PATH وارد کردم.
npm رو حذف و نصب کردم ولی هیچ کدوم از دستورات با npx اجرا نمی شود.
برای گرفتن ارور بهتره مراحل زیر رو دنبال کنید:
یک یه فولدر جدید باز کنید
وارد فولدر بشین و از آدرسش یه کپی بگیرید
داخل ترمینال بزنید: 
----
P(class0): 0.0008693674
Label: 1
ایام فاطمیه بر تمام شیعیان و دوستداران فاطمه زهرا سلام الله.....
تسلیت باد.
بر حاشيهي برگ شقايق بنويسيد
گل ، تاب فشار در و ديوار ندارد
پيغمبري كه عمري غم خوار امتش بود
روي كبود زهرا (س) اجر نبوتش بود ؟!
توسّل امام باقر (علیه السّلام) به حضرت فاطمه (علیهاالسّلام)
حضرت امام محمّد باقر (علیه السّلام) ه
----
P(class0): 0.00088304584
Label: 1
روزنامه های ضد سپاهانی ...
امروز برای اولین بار عکس بزرگی از تیم سپاهان صفحه ابتدائی روزنامه گل را پر کرد. اما نه برای خبر افتخاراتش و نه برای تمجید از برد پر گلش در برابر السد بلکه فقط و فقط برای خوشحالی دشمنان طلائی ها
فقط برای حاشیه سازی و کاهش روحیه سپاهانی هایی که چند روز دیگر در دیداری حساس نم
----
P(class0): 0.0008969393
Label: 1
چند سال پیش میخواستم رسالهای دربارة رابطة سهگانه انسان و جهان و خدا بنویسم: اگر اندیشة خدا باشد، پیوند آدمی با خودش و جهان چه ویژگی و سرشتی دارد و اگر نباشد چگونه است؟ و امروز بودن یا نبودن این اندیشه چگونه رابطه ما را با جهان میسازد و راه میبرد، چه معنائی به زندگی ما میدهد؟ قصد تحقیق در دین، اندیشه
----
P(class0): 0.0008969393
Label: 1
دانلود های برگزیده
نرم افزار Omni Plan برنامه ای ست برای رسم و از جمله رسم نمودارها، خلاصه پروژه ها، رسم فلوچارت و انجام بسیاری از طراحی ها و طرح های مهندسی استفاده می شود. این نرم افزار به شما امکان برنامه ریزی یک پروژه را میدهد و برای رشته های مختلف درسی و دانشگاهی نیز بسیار کاربردی می باشد. همچنی
----
P(class0): 0.0009110512
Label: 1
عکس نوشته سخنان مشاهیر و دانشمندان و سخنان زیبا از مشاهیر دنیا و عکس نوشته جملات زیبا از مشاهیر جهان را در ادامه ببینید.
عکس نوشته سخنان مشاهیر
فرق انسان و سگ در آن است که اگر به سگی غذا بدهی، هرگز تو را گاز نخواهند گرفت
مجازات آدم دروغگو این نیست که کسی باورش نمیکند، یلکه این است که خودش نمیتواند ح
----
