[2026-07-23 04:20:03,915] [INFO] [real_accelerator.py:254:get_accelerator] Setting ds_accelerator to cuda (auto detect)
[2026-07-23 04:20:09,146] [INFO] [logging.py:107:log_dist] [Rank -1] [TorchCheckpointEngine] Initialized with serialization = False
{'loss': 0.2863, 'grad_norm': 7.546508312225342, 'learning_rate': 1.6863688889107825e-05, 'epoch': 1.0}
{'eval_loss': 0.2119659036397934, 'eval_recall_0': 0.8130841121495327, 'eval_runtime': 1.9925, 'eval_samples_per_second': 308.156, 'eval_steps_per_second': 19.573, 'epoch': 1.0}
{'loss': 0.1608, 'grad_norm': 2.6956448554992676, 'learning_rate': 1.499129661158612e-05, 'epoch': 2.0}
{'eval_loss': 0.18804800510406494, 'eval_recall_0': 0.8878504672897196, 'eval_runtime': 1.988, 'eval_samples_per_second': 308.85, 'eval_steps_per_second': 19.618, 'epoch': 2.0}
{'loss': 0.1017, 'grad_norm': 0.595670759677887, 'learning_rate': 1.3118904334064414e-05, 'epoch': 3.0}
{'eval_loss': 0.18253985047340393, 'eval_recall_0': 0.9299065420560748, 'eval_runtime': 1.9897, 'eval_samples_per_second': 308.582, 'eval_steps_per_second': 19.6, 'epoch': 3.0}
{'loss': 0.0737, 'grad_norm': 0.6696156859397888, 'learning_rate': 1.124651205654271e-05, 'epoch': 4.0}
{'eval_loss': 0.1802600622177124, 'eval_recall_0': 0.9112149532710281, 'eval_runtime': 2.4365, 'eval_samples_per_second': 251.996, 'eval_steps_per_second': 16.006, 'epoch': 4.0}
{'loss': 0.0473, 'grad_norm': 0.023099616169929504, 'learning_rate': 9.374119779021005e-06, 'epoch': 5.0}
{'eval_loss': 0.2086387425661087, 'eval_recall_0': 0.9252336448598131, 'eval_runtime': 1.9894, 'eval_samples_per_second': 308.636, 'eval_steps_per_second': 19.604, 'epoch': 5.0}
{'loss': 0.0294, 'grad_norm': 0.022112544625997543, 'learning_rate': 7.501727501499299e-06, 'epoch': 6.0}
{'eval_loss': 0.3415433466434479, 'eval_recall_0': 0.8878504672897196, 'eval_runtime': 2.4122, 'eval_samples_per_second': 254.543, 'eval_steps_per_second': 16.168, 'epoch': 6.0}
{'train_runtime': 692.8084, 'train_samples_per_second': 70.943, 'train_steps_per_second': 2.223, 'train_loss': 0.11654113175032975, 'epoch': 6.0}
{'loss': 0.3097, 'grad_norm': 3.7944414615631104, 'learning_rate': 1.2738878682470565e-05, 'epoch': 1.0}
{'eval_loss': 0.1887730211019516, 'eval_recall_0': 0.8177570093457944, 'eval_runtime': 1.9964, 'eval_samples_per_second': 307.555, 'eval_steps_per_second': 19.535, 'epoch': 1.0}
{'loss': 0.1445, 'grad_norm': 4.640296459197998, 'learning_rate': 1.612022421510495e-05, 'epoch': 2.0}
{'eval_loss': 0.2721223533153534, 'eval_recall_0': 0.8644859813084113, 'eval_runtime': 1.9974, 'eval_samples_per_second': 307.4, 'eval_steps_per_second': 19.525, 'epoch': 2.0}
{'loss': 0.0966, 'grad_norm': 22.991851806640625, 'learning_rate': 1.410683043641382e-05, 'epoch': 3.0}
{'eval_loss': 0.13731427490711212, 'eval_recall_0': 0.9345794392523364, 'eval_runtime': 2.2128, 'eval_samples_per_second': 277.475, 'eval_steps_per_second': 17.625, 'epoch': 3.0}
{'loss': 0.0596, 'grad_norm': 0.2354157567024231, 'learning_rate': 1.209343665772269e-05, 'epoch': 4.0}
{'eval_loss': 0.1923375278711319, 'eval_recall_0': 0.8738317757009346, 'eval_runtime': 1.9975, 'eval_samples_per_second': 307.383, 'eval_steps_per_second': 19.524, 'epoch': 4.0}
{'loss': 0.0324, 'grad_norm': 0.013994619250297546, 'learning_rate': 1.0080042879031562e-05, 'epoch': 5.0}
{'eval_loss': 0.2114892452955246, 'eval_recall_0': 0.9112149532710281, 'eval_runtime': 1.9981, 'eval_samples_per_second': 307.299, 'eval_steps_per_second': 19.519, 'epoch': 5.0}
{'loss': 0.0163, 'grad_norm': 0.0050188577733933926, 'learning_rate': 8.066649100340433e-06, 'epoch': 6.0}
{'eval_loss': 0.258192777633667, 'eval_recall_0': 0.9205607476635514, 'eval_runtime': 1.998, 'eval_samples_per_second': 307.303, 'eval_steps_per_second': 19.519, 'epoch': 6.0}
{'train_runtime': 544.3646, 'train_samples_per_second': 90.289, 'train_steps_per_second': 2.829, 'train_loss': 0.10983109345167746, 'epoch': 6.0}
{'loss': 0.2394, 'grad_norm': 0.0415816605091095, 'learning_rate': 2.003124734534282e-05, 'epoch': 1.0}
{'eval_loss': 0.2607290744781494, 'eval_recall_0': 0.8364485981308412, 'eval_runtime': 1.9883, 'eval_samples_per_second': 308.799, 'eval_steps_per_second': 19.614, 'epoch': 1.0}
{'loss': 0.1413, 'grad_norm': 0.05957861244678497, 'learning_rate': 1.7806355826278417e-05, 'epoch': 2.0}
{'eval_loss': 0.1882224977016449, 'eval_recall_0': 0.8738317757009346, 'eval_runtime': 1.9893, 'eval_samples_per_second': 308.652, 'eval_steps_per_second': 19.605, 'epoch': 2.0}
{'loss': 0.0999, 'grad_norm': 0.0829225555062294, 'learning_rate': 1.5581464307214013e-05, 'epoch': 3.0}
{'eval_loss': 0.1686420440673828, 'eval_recall_0': 0.9345794392523364, 'eval_runtime': 1.9885, 'eval_samples_per_second': 308.769, 'eval_steps_per_second': 19.612, 'epoch': 3.0}
{'loss': 0.0579, 'grad_norm': 0.057673029601573944, 'learning_rate': 1.3356572788149612e-05, 'epoch': 4.0}
{'eval_loss': 0.2537016272544861, 'eval_recall_0': 0.9158878504672897, 'eval_runtime': 1.9901, 'eval_samples_per_second': 308.53, 'eval_steps_per_second': 19.597, 'epoch': 4.0}
{'loss': 0.0411, 'grad_norm': 0.0055070556700229645, 'learning_rate': 1.1131681269085212e-05, 'epoch': 5.0}
{'eval_loss': 0.3047333359718323, 'eval_recall_0': 0.8691588785046729, 'eval_runtime': 1.9898, 'eval_samples_per_second': 308.58, 'eval_steps_per_second': 19.6, 'epoch': 5.0}
{'loss': 0.028, 'grad_norm': 0.0033051613718271255, 'learning_rate': 8.906789750020808e-06, 'epoch': 6.0}
{'eval_loss': 0.34503698348999023, 'eval_recall_0': 0.897196261682243, 'eval_runtime': 2.2474, 'eval_samples_per_second': 273.209, 'eval_steps_per_second': 17.354, 'epoch': 6.0}
{'train_runtime': 720.0752, 'train_samples_per_second': 68.257, 'train_steps_per_second': 4.277, 'train_loss': 0.10125857307797387, 'epoch': 6.0}
{'loss': 0.2481, 'grad_norm': 3.367009401321411, 'learning_rate': 2.1426751236804427e-05, 'epoch': 1.0}
{'eval_loss': 0.2149467021226883, 'eval_recall_0': 0.8271028037383178, 'eval_runtime': 1.9905, 'eval_samples_per_second': 308.46, 'eval_steps_per_second': 19.593, 'epoch': 1.0}
{'loss': 0.1488, 'grad_norm': 5.6621880531311035, 'learning_rate': 1.904771757388598e-05, 'epoch': 2.0}
{'eval_loss': 0.18476714193820953, 'eval_recall_0': 0.8691588785046729, 'eval_runtime': 1.9908, 'eval_samples_per_second': 308.424, 'eval_steps_per_second': 19.59, 'epoch': 2.0}
{'loss': 0.0941, 'grad_norm': 6.833034038543701, 'learning_rate': 1.666868391096754e-05, 'epoch': 3.0}
{'eval_loss': 0.1539798527956009, 'eval_recall_0': 0.9112149532710281, 'eval_runtime': 1.9911, 'eval_samples_per_second': 308.373, 'eval_steps_per_second': 19.587, 'epoch': 3.0}
{'loss': 0.0605, 'grad_norm': 0.10726569592952728, 'learning_rate': 1.4289650248049095e-05, 'epoch': 4.0}
{'eval_loss': 0.21496906876564026, 'eval_recall_0': 0.9065420560747663, 'eval_runtime': 2.2784, 'eval_samples_per_second': 269.491, 'eval_steps_per_second': 17.118, 'epoch': 4.0}
{'loss': 0.0386, 'grad_norm': 0.03283938392996788, 'learning_rate': 1.1910616585130651e-05, 'epoch': 5.0}
{'eval_loss': 0.18816833198070526, 'eval_recall_0': 0.9485981308411215, 'eval_runtime': 1.9921, 'eval_samples_per_second': 308.219, 'eval_steps_per_second': 19.577, 'epoch': 5.0}
{'loss': 0.0191, 'grad_norm': 1.692975401878357, 'learning_rate': 9.531582922212206e-06, 'epoch': 6.0}
{'eval_loss': 0.3348660171031952, 'eval_recall_0': 0.9112149532710281, 'eval_runtime': 1.992, 'eval_samples_per_second': 308.237, 'eval_steps_per_second': 19.579, 'epoch': 6.0}
{'loss': 0.0053, 'grad_norm': 0.004357338882982731, 'learning_rate': 7.152549259293763e-06, 'epoch': 7.0}
{'eval_loss': 0.3235846161842346, 'eval_recall_0': 0.9065420560747663, 'eval_runtime': 1.9924, 'eval_samples_per_second': 308.168, 'eval_steps_per_second': 19.574, 'epoch': 7.0}
{'loss': 0.0016, 'grad_norm': 0.006523340940475464, 'learning_rate': 4.773515596375319e-06, 'epoch': 8.0}
{'eval_loss': 0.3105030953884125, 'eval_recall_0': 0.9158878504672897, 'eval_runtime': 2.2968, 'eval_samples_per_second': 267.333, 'eval_steps_per_second': 16.98, 'epoch': 8.0}
{'train_runtime': 917.5676, 'train_samples_per_second': 53.566, 'train_steps_per_second': 1.678, 'train_loss': 0.07701778542492296, 'epoch': 8.0}
{'loss': 0.2924, 'grad_norm': 0.0021708598360419273, 'learning_rate': 1.4298599029544802e-05, 'epoch': 1.0}
{'eval_loss': 0.43579450249671936, 'eval_recall_0': 0.780373831775701, 'eval_runtime': 1.9914, 'eval_samples_per_second': 308.325, 'eval_steps_per_second': 19.584, 'epoch': 1.0}
{'loss': 0.2154, 'grad_norm': 0.056528471410274506, 'learning_rate': 1.9951384927367446e-05, 'epoch': 2.0}
{'eval_loss': 0.29217448830604553, 'eval_recall_0': 0.8644859813084113, 'eval_runtime': 1.9887, 'eval_samples_per_second': 308.746, 'eval_steps_per_second': 19.611, 'epoch': 2.0}
{'loss': 0.1688, 'grad_norm': 92.90708923339844, 'learning_rate': 1.74584735449621e-05, 'epoch': 3.0}
{'eval_loss': 0.20956756174564362, 'eval_recall_0': 0.8598130841121495, 'eval_runtime': 1.989, 'eval_samples_per_second': 308.69, 'eval_steps_per_second': 19.607, 'epoch': 3.0}
{'loss': 0.1187, 'grad_norm': 47.30739974975586, 'learning_rate': 1.4965562162556757e-05, 'epoch': 4.0}
{'eval_loss': 0.20719751715660095, 'eval_recall_0': 0.897196261682243, 'eval_runtime': 1.9905, 'eval_samples_per_second': 308.465, 'eval_steps_per_second': 19.593, 'epoch': 4.0}
{'loss': 0.0716, 'grad_norm': 0.0028885456267744303, 'learning_rate': 1.2472650780151414e-05, 'epoch': 5.0}
{'eval_loss': 0.24659718573093414, 'eval_recall_0': 0.8878504672897196, 'eval_runtime': 2.2502, 'eval_samples_per_second': 272.867, 'eval_steps_per_second': 17.332, 'epoch': 5.0}
{'loss': 0.0371, 'grad_norm': 0.0013053080765530467, 'learning_rate': 9.97973939774607e-06, 'epoch': 6.0}
{'eval_loss': 0.26647013425827026, 'eval_recall_0': 0.9205607476635514, 'eval_runtime': 1.9903, 'eval_samples_per_second': 308.489, 'eval_steps_per_second': 19.595, 'epoch': 6.0}
{'loss': 0.0254, 'grad_norm': 0.024472534656524658, 'learning_rate': 7.4868280153407255e-06, 'epoch': 7.0}
{'eval_loss': 0.23449912667274475, 'eval_recall_0': 0.9065420560747663, 'eval_runtime': 1.9899, 'eval_samples_per_second': 308.555, 'eval_steps_per_second': 19.599, 'epoch': 7.0}
{'loss': 0.018, 'grad_norm': 0.07622627913951874, 'learning_rate': 4.993916632935381e-06, 'epoch': 8.0}
{'eval_loss': 0.259474515914917, 'eval_recall_0': 0.9205607476635514, 'eval_runtime': 2.1853, 'eval_samples_per_second': 280.962, 'eval_steps_per_second': 17.846, 'epoch': 8.0}
{'loss': 0.011, 'grad_norm': 0.0012793916976079345, 'learning_rate': 2.501005250530037e-06, 'epoch': 9.0}
{'eval_loss': 0.30415743589401245, 'eval_recall_0': 0.9112149532710281, 'eval_runtime': 2.0093, 'eval_samples_per_second': 305.583, 'eval_steps_per_second': 19.41, 'epoch': 9.0}
{'train_runtime': 1061.4179, 'train_samples_per_second': 46.306, 'train_steps_per_second': 2.902, 'train_loss': 0.10646250074215953, 'epoch': 9.0}
{'loss': 0.3457, 'grad_norm': 3.4538486003875732, 'learning_rate': 9.752346320633142e-06, 'epoch': 1.0}
{'eval_loss': 0.26907163858413696, 'eval_recall_0': 0.7990654205607477, 'eval_runtime': 1.9951, 'eval_samples_per_second': 307.751, 'eval_steps_per_second': 19.548, 'epoch': 1.0}
{'loss': 0.1338, 'grad_norm': 12.926345825195312, 'learning_rate': 9.048658683066478e-06, 'epoch': 2.0}
{'eval_loss': 0.13696905970573425, 'eval_recall_0': 0.9205607476635514, 'eval_runtime': 1.999, 'eval_samples_per_second': 307.16, 'eval_steps_per_second': 19.51, 'epoch': 2.0}
{'loss': 0.094, 'grad_norm': 2.2981925010681152, 'learning_rate': 7.918493689398808e-06, 'epoch': 3.0}
{'eval_loss': 0.14483563601970673, 'eval_recall_0': 0.9065420560747663, 'eval_runtime': 1.996, 'eval_samples_per_second': 307.613, 'eval_steps_per_second': 19.539, 'epoch': 3.0}
{'loss': 0.0685, 'grad_norm': 3.876133918762207, 'learning_rate': 6.788328695731138e-06, 'epoch': 4.0}
{'eval_loss': 0.23449672758579254, 'eval_recall_0': 0.883177570093458, 'eval_runtime': 1.9981, 'eval_samples_per_second': 307.299, 'eval_steps_per_second': 19.519, 'epoch': 4.0}
{'loss': 0.0406, 'grad_norm': 0.019207431003451347, 'learning_rate': 5.658163702063467e-06, 'epoch': 5.0}
{'eval_loss': 0.14390906691551208, 'eval_recall_0': 0.9532710280373832, 'eval_runtime': 1.9954, 'eval_samples_per_second': 307.706, 'eval_steps_per_second': 19.545, 'epoch': 5.0}
{'loss': 0.0263, 'grad_norm': 21.389339447021484, 'learning_rate': 4.527998708395797e-06, 'epoch': 6.0}
{'eval_loss': 0.19455552101135254, 'eval_recall_0': 0.9205607476635514, 'eval_runtime': 1.9988, 'eval_samples_per_second': 307.178, 'eval_steps_per_second': 19.511, 'epoch': 6.0}
{'loss': 0.0176, 'grad_norm': 0.020611636340618134, 'learning_rate': 3.3978337147281265e-06, 'epoch': 7.0}
{'eval_loss': 0.21449702978134155, 'eval_recall_0': 0.9205607476635514, 'eval_runtime': 1.9994, 'eval_samples_per_second': 307.097, 'eval_steps_per_second': 19.506, 'epoch': 7.0}
{'loss': 0.0108, 'grad_norm': 0.06037767603993416, 'learning_rate': 2.2676687210604555e-06, 'epoch': 8.0}
{'eval_loss': 0.21414735913276672, 'eval_recall_0': 0.9439252336448598, 'eval_runtime': 2.2818, 'eval_samples_per_second': 269.084, 'eval_steps_per_second': 17.092, 'epoch': 8.0}
{'train_runtime': 719.5861, 'train_samples_per_second': 68.303, 'train_steps_per_second': 2.14, 'train_loss': 0.09218162056300547, 'epoch': 8.0}
{'loss': 0.2574, 'grad_norm': 2.469752788543701, 'learning_rate': 1.1591678376884135e-05, 'epoch': 1.0}
{'eval_loss': 0.17130377888679504, 'eval_recall_0': 0.8551401869158879, 'eval_runtime': 1.9895, 'eval_samples_per_second': 308.623, 'eval_steps_per_second': 19.603, 'epoch': 1.0}
{'loss': 0.117, 'grad_norm': 10.300241470336914, 'learning_rate': 1.0304642709948188e-05, 'epoch': 2.0}
{'eval_loss': 0.1277601271867752, 'eval_recall_0': 0.9299065420560748, 'eval_runtime': 1.9896, 'eval_samples_per_second': 308.599, 'eval_steps_per_second': 19.602, 'epoch': 2.0}
{'loss': 0.0857, 'grad_norm': 6.230177879333496, 'learning_rate': 9.017607043012244e-06, 'epoch': 3.0}
{'eval_loss': 0.15674468874931335, 'eval_recall_0': 0.9485981308411215, 'eval_runtime': 1.9897, 'eval_samples_per_second': 308.589, 'eval_steps_per_second': 19.601, 'epoch': 3.0}
{'loss': 0.0579, 'grad_norm': 0.12836390733718872, 'learning_rate': 7.730571376076297e-06, 'epoch': 4.0}
{'eval_loss': 0.146070197224617, 'eval_recall_0': 0.9299065420560748, 'eval_runtime': 1.9895, 'eval_samples_per_second': 308.618, 'eval_steps_per_second': 19.603, 'epoch': 4.0}
{'loss': 0.0366, 'grad_norm': 0.04016180336475372, 'learning_rate': 6.443535709140352e-06, 'epoch': 5.0}
{'eval_loss': 0.15865512192249298, 'eval_recall_0': 0.9439252336448598, 'eval_runtime': 1.99, 'eval_samples_per_second': 308.538, 'eval_steps_per_second': 19.598, 'epoch': 5.0}
{'loss': 0.0216, 'grad_norm': 0.013004196807742119, 'learning_rate': 5.156500042204406e-06, 'epoch': 6.0}
{'eval_loss': 0.3011168837547302, 'eval_recall_0': 0.9018691588785047, 'eval_runtime': 2.1596, 'eval_samples_per_second': 284.306, 'eval_steps_per_second': 18.058, 'epoch': 6.0}
{'train_runtime': 671.2582, 'train_samples_per_second': 73.221, 'train_steps_per_second': 2.294, 'train_loss': 0.09604075305905693, 'epoch': 6.0}
{'loss': 0.2876, 'grad_norm': 0.06261013448238373, 'learning_rate': 1.458975655488457e-05, 'epoch': 1.0}
{'eval_loss': 0.28971368074417114, 'eval_recall_0': 0.8411214953271028, 'eval_runtime': 1.9913, 'eval_samples_per_second': 308.339, 'eval_steps_per_second': 19.585, 'epoch': 1.0}
{'loss': 0.1791, 'grad_norm': 0.025697369128465652, 'learning_rate': 1.5699947909643577e-05, 'epoch': 2.0}
{'eval_loss': 0.19452477991580963, 'eval_recall_0': 0.8457943925233645, 'eval_runtime': 1.9899, 'eval_samples_per_second': 308.555, 'eval_steps_per_second': 19.599, 'epoch': 2.0}
{'loss': 0.1246, 'grad_norm': 0.08327735960483551, 'learning_rate': 1.3738250564341253e-05, 'epoch': 3.0}
{'eval_loss': 0.18179774284362793, 'eval_recall_0': 0.9532710280373832, 'eval_runtime': 1.9902, 'eval_samples_per_second': 308.516, 'eval_steps_per_second': 19.596, 'epoch': 3.0}
{'loss': 0.0828, 'grad_norm': 0.6353065967559814, 'learning_rate': 1.1776553219038934e-05, 'epoch': 4.0}
{'eval_loss': 0.22126422822475433, 'eval_recall_0': 0.8925233644859814, 'eval_runtime': 2.2201, 'eval_samples_per_second': 276.568, 'eval_steps_per_second': 17.567, 'epoch': 4.0}
{'loss': 0.0415, 'grad_norm': 0.013452941551804543, 'learning_rate': 9.814855873736611e-06, 'epoch': 5.0}
{'eval_loss': 0.31636983156204224, 'eval_recall_0': 0.8598130841121495, 'eval_runtime': 1.9915, 'eval_samples_per_second': 308.316, 'eval_steps_per_second': 19.584, 'epoch': 5.0}
{'loss': 0.0313, 'grad_norm': 0.003151922021061182, 'learning_rate': 7.85315852843429e-06, 'epoch': 6.0}
{'eval_loss': 0.3275570571422577, 'eval_recall_0': 0.883177570093458, 'eval_runtime': 2.2084, 'eval_samples_per_second': 278.028, 'eval_steps_per_second': 17.66, 'epoch': 6.0}
{'train_runtime': 742.2034, 'train_samples_per_second': 66.222, 'train_steps_per_second': 4.15, 'train_loss': 0.12448136218182453, 'epoch': 6.0}
{'learning_rate': 1.013479127438346e-05, 'weight_decay': 0.02201774963464298, 'warmup_ratio': 0.1027930866884951, 'batch_size': 8, 'grad_accum': 4}
{'eval_loss': 0.16078974306583405, 'eval_recall_0': 0.8785046728971962, 'eval_runtime': 2.0119, 'eval_samples_per_second': 305.18, 'eval_steps_per_second': 19.384, 'epoch': 1.0}
{'eval_loss': 0.16869202256202698, 'eval_recall_0': 0.8738317757009346, 'eval_runtime': 2.0119, 'eval_samples_per_second': 305.185, 'eval_steps_per_second': 19.385, 'epoch': 2.0}
{'eval_loss': 0.1434141844511032, 'eval_recall_0': 0.9299065420560748, 'eval_runtime': 2.0147, 'eval_samples_per_second': 304.764, 'eval_steps_per_second': 19.358, 'epoch': 3.0}
{'loss': 0.18, 'grad_norm': 22.037471771240234, 'learning_rate': 7.639621807844447e-06, 'epoch': 3.25}
{'eval_loss': 0.16344857215881348, 'eval_recall_0': 0.897196261682243, 'eval_runtime': 2.0117, 'eval_samples_per_second': 305.218, 'eval_steps_per_second': 19.387, 'epoch': 4.0}
{'eval_loss': 0.2000877857208252, 'eval_recall_0': 0.9112149532710281, 'eval_runtime': 2.0156, 'eval_samples_per_second': 304.624, 'eval_steps_per_second': 19.349, 'epoch': 5.0}
{'eval_loss': 0.25069692730903625, 'eval_recall_0': 0.8878504672897196, 'eval_runtime': 2.3225, 'eval_samples_per_second': 264.374, 'eval_steps_per_second': 16.793, 'epoch': 6.0}
{'train_runtime': 539.1451, 'train_samples_per_second': 91.163, 'train_steps_per_second': 2.856, 'train_loss': 0.11998186483011618, 'epoch': 6.0}

===== BEST TRIAL =====
{'learning_rate': 1.013479127438346e-05, 'weight_decay': 0.02201774963464298, 'warmup_ratio': 0.1027930866884951, 'batch_size': 8, 'grad_accum': 4}
Best Recall: 0.9532710280373832
{'eval_loss': 0.1434141844511032, 'eval_recall_0': 0.9299065420560748, 'eval_runtime': 2.0331, 'eval_samples_per_second': 302.008, 'eval_steps_per_second': 19.183, 'epoch': 6.0}

=============
Confusion matrix:
 [[206   9]
 [  6 394]]
              precision    recall  f1-score   support

     class_0     0.9717    0.9581    0.9649       215
     class_1     0.9777    0.9850    0.9813       400

    accuracy                         0.9756       615
   macro avg     0.9747    0.9716    0.9731       615
weighted avg     0.9756    0.9756    0.9756       615


Model saved to: /scratch/project_2005092/nima/saved_models/xlm-roberta-large_spamham
